MPASM  5.51                      SAMPLING.ASM   11-9-2022  21:55:12         PAGE  1


LOC  OBJECT CODE     LINE SOURCE TEXT
  VALUE

                      00001 ;**********************************************************************
                      00002 ;   This file is a basic code template for assembly code generation   *
                      00003 ;   on the PIC16F877A. This file contains the basic code              *
                      00004 ;   building blocks to build upon.                                    *  
                      00005 ;                                                                     *
                      00006 ;   Refer to the MPASM User's Guide for additional information on     *
                      00007 ;   features of the assembler (Document DS33014).                     *
                      00008 ;                                                                     *
                      00009 ;   Refer to the respective PIC data sheet for additional             *
                      00010 ;   information on the instruction set.                               *
                      00011 ;                                                                     *
                      00012 ;**********************************************************************
                      00013 ;                                                                     *
                      00014 ;    Filename:      xxx.asm                                           *
                      00015 ;    Date:                                                            *
                      00016 ;    File Version:                                                    *
                      00017 ;                                                                     *
                      00018 ;    Author:                                                          *
                      00019 ;    Company:                                                         *
                      00020 ;                                                                     * 
                      00021 ;                                                                     *
                      00022 ;**********************************************************************
                      00023 ;                                                                     *
                      00024 ;    Files Required: P16F877A.INC                                     *
                      00025 ;                                                                     *
                      00026 ;**********************************************************************
                      00027 ;                                                                     *
                      00028 ;    Notes:                                                           *
                      00029 ;                                                                     *
                      00030 ;**********************************************************************
                      00031 
                      00032 
                      00033         list            p=16f877A       ; list directive to define processor
                      00034         #include        <p16f877A.inc>  ; processor specific variable definitions
                      00001         LIST
                      00002 
                      00003 ;==========================================================================
                      00004 ;  MPASM PIC16F877A processor include
                      00005 ; 
                      00006 ;  (c) Copyright 1999-2013 Microchip Technology, All rights reserved
                      00007 ;==========================================================================
                      00008 
                      00566         LIST
                      00035         
2007   3FB3           00036         __CONFIG _CP_OFF & _WDT_OFF & _BODEN_OFF & _PWRTE_ON & _RC_OSC & _WRT_OFF & _LVP_ON & _CPD_OFF
                      00037 
                      00038 ; '__CONFIG' directive is used to embed configuration data within .asm file.
                      00039 ; The lables following the directive are located in the respective .inc file.
                      00040 ; See respective data sheet for additional information on configuration word.
                      00041 
                      00042 
                      00043 
                      00044 
MPASM  5.51                      SAMPLING.ASM   11-9-2022  21:55:12         PAGE  2


LOC  OBJECT CODE     LINE SOURCE TEXT
  VALUE

                      00045 
                      00046 
                      00047 ;***** VARIABLE DEFINITIONS
  0000007D            00048 w_temp          EQU     0x7D            ; variable used for context saving 
  0000007E            00049 status_temp     EQU     0x7E            ; variable used for context saving
  0000007F            00050 pclath_temp     EQU     0x7F            ; variable used for context saving                      
                      00051 
  00000021            00052 STATE           EQU 0x21
  0000003D            00053 TMR_Start       EQU d'61'
                      00054 
                      00055 
                      00056 
                      00057 
                      00058 ;**********************************************************************
                      00059         ORG     0x000             ; processor reset vector
                      00060 
0000   0000           00061         nop                       ; nop required for icd
0001   2???           00062         goto    main              ; go to beginning of program
                      00063 
                      00064 
                      00065         ORG     0x004             ; interrupt vector location
                      00066 
                      00067 ;Store Context - Begin 
0004   00FD           00068         movwf   w_temp            ; save off current W register contents
0005   0803           00069         movf    STATUS,w          ; move status register into W register
0006   00FE           00070         movwf   status_temp       ; save off contents of STATUS register
0007   080A           00071         movf    PCLATH,w          ; move pclath register into w register
0008   00FF           00072         movwf   pclath_temp       ; save off contents of PCLATH register
                      00073 ;Store Context - End
                      00074 
0009   081A           00075         movfw   RCREG
000A   00A1           00076         movwf   STATE
000B   1821           00077         btfsc   STATE, d'0'             ;STATE.0 == 1?
000C   2???           00078         goto S0_1                               ;Yes
000D   2???           00079         goto S0_0                               ;No
000E                  00080 STATE_1
000E   18A1           00081         btfsc   STATE, d'1'             ;STATE.1 == 1?
000F   2???           00082         goto S1_1                               ;Yes
0010   2???           00083         goto S1_0                               ;No
0011                  00084 STATE_2
0011   1921           00085         btfsc   STATE, d'2'             ;STATE.2 == 1?
0012   2???           00086         goto S2_1                               ;Yes
0013   2???           00087         goto S2_0                               ;No
0014                  00088 STATE_7
0014   1BA1           00089         btfsc   STATE, d'7'             ;STATE.7 == 1?
0015   2???           00090         goto Set_State                  ;Yes
0016   2???           00091         goto Clear_State                ;No
                      00092         
0017                  00093 S0_0
0017   119F           00094         bcf     ADCON0, CHS0
0018   2???           00095         goto STATE_1
                      00096         
0019                  00097 S0_1
MPASM  5.51                      SAMPLING.ASM   11-9-2022  21:55:12         PAGE  3


LOC  OBJECT CODE     LINE SOURCE TEXT
  VALUE

0019   159F           00098         bsf ADCON0, CHS0
001A   2???           00099         goto STATE_1
                      00100         
001B                  00101 S1_0
001B   121F           00102         bcf     ADCON0, CHS1
001C   2???           00103         goto STATE_2
                      00104         
001D                  00105 S1_1
001D   161F           00106         bsf     ADCON0, CHS1
001E   2???           00107         goto STATE_2
                      00108         
001F                  00109 S2_0
001F   129F           00110         bcf ADCON0, CHS2
0020   2???           00111         goto STATE_7
                      00112         
0021                  00113 S2_1
0021   169F           00114         bsf ADCON0, CHS2
0022   2???           00115         goto STATE_7
                      00116         
0023                  00117 Set_State
0023   0801           00118         movfw   d'1'
0024   00A1           00119         movwf   STATE
0025   2???           00120         goto Restore_Context
                      00121         
0026                  00122 Clear_State
0026   3000           00123         movlw   d'0'
0027   00A1           00124         movwf   STATE
                      00125         
                      00126 
0028                  00127 Restore_Context 
0028   128C           00128         bcf     PIR1, RCIF
0029   019A           00129         clrf    RCREG
                      00130 
                      00131 ;Restore Context - Begin
                      00132 
002A   087F           00133         movf    pclath_temp,w     ; retrieve copy of PCLATH register
002B   008A           00134         movwf   PCLATH            ; restore pre-isr PCLATH register contents
002C   087E           00135         movf    status_temp,w     ; retrieve copy of STATUS register
002D   0083           00136         movwf   STATUS            ; restore pre-isr STATUS register contents
002E   0EFD           00137         swapf   w_temp,f
002F   0E7D           00138         swapf   w_temp,w          ; restore pre-isr W register contents
                      00139         
                      00140 ;Restore Context - End 
                      00141 
0030   0009           00142         retfie                    ; return from interrupt
                      00143 
0031                  00144 main
                      00145 
                      00146 
                      00147 ; Config Peripherals - Begin
                      00148 
                      00149         ; Config Timer0 - Begin
0031   1303           00150                 bcf     STATUS, RP1                     ; Bank 1
MPASM  5.51                      SAMPLING.ASM   11-9-2022  21:55:12         PAGE  4


LOC  OBJECT CODE     LINE SOURCE TEXT
  VALUE

0032   1683           00151                 bsf             STATUS, RP0                     ; Bank 1
Message[302]: Register in operand not in bank 0.  Ensure that bank bits are correct.
0033   1281           00152                 bcf             OPTION_REG, T0CS        ; Select fosc/4 as clock source
Message[302]: Register in operand not in bank 0.  Ensure that bank bits are correct.
0034   1181           00153                 bcf     OPTION_REG, PSA         ; Use Prescaler
Message[302]: Register in operand not in bank 0.  Ensure that bank bits are correct.
0035   1501           00154                 bSf             OPTION_REG, PS2         ; Set Prescaler to 128
Message[302]: Register in operand not in bank 0.  Ensure that bank bits are correct.
0036   1481           00155                 bSf             OPTION_REG, PS1
Message[302]: Register in operand not in bank 0.  Ensure that bank bits are correct.
0037   1001           00156                 bcf             OPTION_REG, PS0         ; t0 = (256-61)/1,000,000 * 4*128 = 0,09984s 
                      00157         ; Config Timer0 - End
                      00158 
                      00159         ; Config ADCON0 - Begin
0038   1283           00160                 bcf     STATUS, RP0                     ; Bank 0
0039   1303           00161                 bcf             STATUS, RP1                     ; Bank 0
003A   3081           00162                 movlw   b'10000001'                     ; Set ADCON0
003B   009F           00163                 movwf   ADCON0
                      00164         ; Config ADCON0 - End
                      00165 
                      00166         ; Config ADCON1 - Begin
003C   1683           00167                 bsf     STATUS, RP0                     ; Bank 1
003D   1303           00168                 bcf             STATUS, RP1                     ; Bank 1
003E   3000           00169                 movlw   b'00000000'                     ; Set ADCON1 to Receive Analog Input in All its 
                            pins
Message[302]: Register in operand not in bank 0.  Ensure that bank bits are correct.
003F   009F           00170                 movwf   ADCON1
                      00171         ; Config ADCON1 - End
                      00172 
                      00173         ;Config USART - Begin
0040   1303           00174                 bcf     STATUS, RP1          ; Bank1
0041   1683           00175                 bsf     STATUS, RP0          
0042   3026           00176                 movlw   b'00100110'          ; Select 8-bit transmition and enable transmition. Select A
                            synchronous mode and High Speed. Set TSR empty
Message[302]: Register in operand not in bank 0.  Ensure that bank bits are correct.
0043   0098           00177                 movwf   TXSTA
0044   3006           00178                 movlw   d'6'                 ; Set value d'6' to Baud Rate generator register 
Message[302]: Register in operand not in bank 0.  Ensure that bank bits are correct.
0045   0099           00179                 movwf   SPBRG                ; With a 10MHz uC and BRGH = 1 (HIGH Speed) d'6' correspond
                             to a desired bps of 8929 (closest to 9600 possible, error of 6.99%) 
Message[302]: Register in operand not in bank 0.  Ensure that bank bits are correct.
0046   168C           00180                 bsf     PIE1,RCIE            ; Enable reception interruptions from USART
0047   1283           00181                 bcf     STATUS, RP0          ; Bank0
0048   3098           00182                 movlw   b'10011000'          ; Enable serial port and select 8-bit reception. Enable con
                            tinuos reception and enable adress detection. No framing or overrun error enable
0049   0098           00183                 movwf   RCSTA
                      00184     ;Config USART - End
                      00185 
                      00186 ;Config Peripherals - End
                      00187 
                      00188 ;Init Variables- Begin
004A   1303           00189         bcf     STATUS, RP1          ; Bank0
004B   1283           00190         bcf     STATUS, RP0          
MPASM  5.51                      SAMPLING.ASM   11-9-2022  21:55:12         PAGE  5


LOC  OBJECT CODE     LINE SOURCE TEXT
  VALUE

004C   3000           00191         movlw d'0'
004D   00A1           00192         movwf   STATE
                      00193 ;Init Variables- End
                      00194 
                      00195 ; Config Interrupts - Begin
                      00196 
004E   1303           00197         bcf     STATUS, RP1                             ; Select bank 0
004F   1283           00198         bcf     STATUS, RP0                             ; Select bank 0
0050   170B           00199         bsf             INTCON, PEIE
0051   178B           00200         bsf             INTCON, GIE                             ; Enable Global interrupts.
                      00201 
                      00202 ; Config Interrupts - End
                      00203 
0052   1303           00204         bcf     STATUS, RP1                             ; Select bank 0
0053   1283           00205         bcf     STATUS, RP0                             ; Select bank 0
                      00206 
0054                  00207 state_loop
0054   1C21           00208         btfss   STATE, d'0'                     ;STATE.0 == 1?
0055   2???           00209         goto state_loop                         ;No
0056   303D           00210         movlw   TMR_Start                       ;Yes
0057   0081           00211         movwf   TMR0                            ;Restart Timer
0058   110B           00212         bcf             INTCON, T0IF            ;T0IF = 0
0059                  00213 timer_loop
0059   1D0B           00214         btfss   INTCON, T0IF            ;T0IF == 1?
005A   2???           00215         goto timer_loop                         ;No
005B   151F           00216         bsf             ADCON0, d'2'            ;Yes
005C                  00217 AD_loop
005C   191F           00218         btfsc   ADCON0, d'2'            ;ADCON0.2 == 0?
005D   2???           00219         goto AD_loop                            ;No
005E   081E           00220         movfw   ADRESH                          ;Yes
005F   0099           00221         movwf   TXREG
0060   2???           00222         goto state_loop
                      00223 
                      00224 
                      00225 
                      00226 
                      00227 
                      00228 
                      00229 
                      00230 
3FB3                  00231         END                       ; directive 'end of program'
MPASM  5.51                      SAMPLING.ASM   11-9-2022  21:55:12         PAGE  6


SYMBOL TABLE
  LABEL                             VALUE 

ACKDT                             00000005
ACKEN                             00000004
ACKSTAT                           00000006
ADCON0                            0000001F
ADCON1                            0000009F
ADCS0                             00000006
ADCS1                             00000007
ADCS2                             00000006
ADDEN                             00000003
ADFM                              00000007
ADIE                              00000006
ADIF                              00000006
ADON                              00000000
ADRESH                            0000001E
ADRESL                            0000009E
AD_loop                           0000005C
BCLIE                             00000003
BCLIF                             00000003
BF                                00000000
BRGH                              00000002
C                                 00000000
C1INV                             00000004
C1OUT                             00000006
C2INV                             00000005
C2OUT                             00000007
CCP1CON                           00000017
CCP1IE                            00000002
CCP1IF                            00000002
CCP1M0                            00000000
CCP1M1                            00000001
CCP1M2                            00000002
CCP1M3                            00000003
CCP1X                             00000005
CCP1Y                             00000004
CCP2CON                           0000001D
CCP2IE                            00000000
CCP2IF                            00000000
CCP2M0                            00000000
CCP2M1                            00000001
CCP2M2                            00000002
CCP2M3                            00000003
CCP2X                             00000005
CCP2Y                             00000004
CCPR1                             00000015
CCPR1H                            00000016
CCPR1L                            00000015
CCPR2                             0000001B
CCPR2H                            0000001C
CCPR2L                            0000001B
CHS0                              00000003
CHS1                              00000004
CHS2                              00000005
CIS                               00000003
MPASM  5.51                      SAMPLING.ASM   11-9-2022  21:55:12         PAGE  7


SYMBOL TABLE
  LABEL                             VALUE 

CKE                               00000006
CKP                               00000004
CM0                               00000000
CM1                               00000001
CM2                               00000002
CMCON                             0000009C
CMIE                              00000006
CMIF                              00000006
CREN                              00000004
CSRC                              00000007
CVR0                              00000000
CVR1                              00000001
CVR2                              00000002
CVR3                              00000003
CVRCON                            0000009D
CVREN                             00000007
CVROE                             00000006
CVRR                              00000005
Clear_State                       00000026
D                                 00000005
DATA_ADDRESS                      00000005
DC                                00000001
D_A                               00000005
D_NOT_A                           00000005
EEADR                             0000010D
EEADRH                            0000010F
EECON1                            0000018C
EECON2                            0000018D
EEDATA                            0000010C
EEDATH                            0000010E
EEIE                              00000004
EEIF                              00000004
EEPGD                             00000007
F                                 00000001
FERR                              00000002
FSR                               00000004
GCEN                              00000007
GIE                               00000007
GO                                00000002
GO_DONE                           00000002
GO_NOT_DONE                       00000002
I2C_DATA                          00000005
I2C_READ                          00000002
I2C_START                         00000003
I2C_STOP                          00000004
IBF                               00000007
IBOV                              00000005
INDF                              00000000
INTCON                            0000000B
INTE                              00000004
INTEDG                            00000006
INTF                              00000001
IRP                               00000007
MPASM  5.51                      SAMPLING.ASM   11-9-2022  21:55:12         PAGE  8


SYMBOL TABLE
  LABEL                             VALUE 

NOT_A                             00000005
NOT_ADDRESS                       00000005
NOT_BO                            00000000
NOT_BOR                           00000000
NOT_DONE                          00000002
NOT_PD                            00000003
NOT_POR                           00000001
NOT_RBPU                          00000007
NOT_RC8                           00000006
NOT_T1SYNC                        00000002
NOT_TO                            00000004
NOT_TX8                           00000006
NOT_W                             00000002
NOT_WRITE                         00000002
OBF                               00000006
OERR                              00000001
OPTION_REG                        00000081
P                                 00000004
PCFG0                             00000000
PCFG1                             00000001
PCFG2                             00000002
PCFG3                             00000003
PCL                               00000002
PCLATH                            0000000A
PCON                              0000008E
PEIE                              00000006
PEN                               00000002
PIE1                              0000008C
PIE2                              0000008D
PIR1                              0000000C
PIR2                              0000000D
PORTA                             00000005
PORTB                             00000006
PORTC                             00000007
PORTD                             00000008
PORTE                             00000009
PR2                               00000092
PS0                               00000000
PS1                               00000001
PS2                               00000002
PSA                               00000003
PSPIE                             00000007
PSPIF                             00000007
PSPMODE                           00000004
R                                 00000002
RA0                               00000000
RA1                               00000001
RA2                               00000002
RA3                               00000003
RA4                               00000004
RA5                               00000005
RB0                               00000000
RB1                               00000001
MPASM  5.51                      SAMPLING.ASM   11-9-2022  21:55:12         PAGE  9


SYMBOL TABLE
  LABEL                             VALUE 

RB2                               00000002
RB3                               00000003
RB4                               00000004
RB5                               00000005
RB6                               00000006
RB7                               00000007
RBIE                              00000003
RBIF                              00000000
RC0                               00000000
RC1                               00000001
RC2                               00000002
RC3                               00000003
RC4                               00000004
RC5                               00000005
RC6                               00000006
RC7                               00000007
RC8_9                             00000006
RC9                               00000006
RCD8                              00000000
RCEN                              00000003
RCIE                              00000005
RCIF                              00000005
RCREG                             0000001A
RCSTA                             00000018
RD                                00000000
RD0                               00000000
RD1                               00000001
RD2                               00000002
RD3                               00000003
RD4                               00000004
RD5                               00000005
RD6                               00000006
RD7                               00000007
RE0                               00000000
RE1                               00000001
RE2                               00000002
READ_WRITE                        00000002
RP0                               00000005
RP1                               00000006
RSEN                              00000001
RX9                               00000006
RX9D                              00000000
R_NOT_W                           00000002
R_W                               00000002
Restore_Context                   00000028
S                                 00000003
S0_0                              00000017
S0_1                              00000019
S1_0                              0000001B
S1_1                              0000001D
S2_0                              0000001F
S2_1                              00000021
SEN                               00000000
MPASM  5.51                      SAMPLING.ASM   11-9-2022  21:55:12         PAGE 10


SYMBOL TABLE
  LABEL                             VALUE 

SMP                               00000007
SPBRG                             00000099
SPEN                              00000007
SREN                              00000005
SSPADD                            00000093
SSPBUF                            00000013
SSPCON                            00000014
SSPCON2                           00000091
SSPEN                             00000005
SSPIE                             00000003
SSPIF                             00000003
SSPM0                             00000000
SSPM1                             00000001
SSPM2                             00000002
SSPM3                             00000003
SSPOV                             00000006
SSPSTAT                           00000094
STATE                             00000021
STATE_1                           0000000E
STATE_2                           00000011
STATE_7                           00000014
STATUS                            00000003
SYNC                              00000004
Set_State                         00000023
T0CS                              00000005
T0IE                              00000005
T0IF                              00000002
T0SE                              00000004
T1CKPS0                           00000004
T1CKPS1                           00000005
T1CON                             00000010
T1INSYNC                          00000002
T1OSCEN                           00000003
T1SYNC                            00000002
T2CKPS0                           00000000
T2CKPS1                           00000001
T2CON                             00000012
TMR0                              00000001
TMR0IE                            00000005
TMR0IF                            00000002
TMR1                              0000000E
TMR1CS                            00000001
TMR1H                             0000000F
TMR1IE                            00000000
TMR1IF                            00000000
TMR1L                             0000000E
TMR1ON                            00000000
TMR2                              00000011
TMR2IE                            00000001
TMR2IF                            00000001
TMR2ON                            00000002
TMR_Start                         0000003D
TOUTPS0                           00000003
MPASM  5.51                      SAMPLING.ASM   11-9-2022  21:55:12         PAGE 11


SYMBOL TABLE
  LABEL                             VALUE 

TOUTPS1                           00000004
TOUTPS2                           00000005
TOUTPS3                           00000006
TRISA                             00000085
TRISA0                            00000000
TRISA1                            00000001
TRISA2                            00000002
TRISA3                            00000003
TRISA4                            00000004
TRISA5                            00000005
TRISB                             00000086
TRISB0                            00000000
TRISB1                            00000001
TRISB2                            00000002
TRISB3                            00000003
TRISB4                            00000004
TRISB5                            00000005
TRISB6                            00000006
TRISB7                            00000007
TRISC                             00000087
TRISC0                            00000000
TRISC1                            00000001
TRISC2                            00000002
TRISC3                            00000003
TRISC4                            00000004
TRISC5                            00000005
TRISC6                            00000006
TRISC7                            00000007
TRISD                             00000088
TRISD0                            00000000
TRISD1                            00000001
TRISD2                            00000002
TRISD3                            00000003
TRISD4                            00000004
TRISD5                            00000005
TRISD6                            00000006
TRISD7                            00000007
TRISE                             00000089
TRISE0                            00000000
TRISE1                            00000001
TRISE2                            00000002
TRMT                              00000001
TX8_9                             00000006
TX9                               00000006
TX9D                              00000000
TXD8                              00000000
TXEN                              00000005
TXIE                              00000004
TXIF                              00000004
TXREG                             00000019
TXSTA                             00000098
UA                                00000001
W                                 00000000
MPASM  5.51                      SAMPLING.ASM   11-9-2022  21:55:12         PAGE 12


SYMBOL TABLE
  LABEL                             VALUE 

WCOL                              00000007
WR                                00000001
WREN                              00000002
WRERR                             00000003
Z                                 00000002
_BODEN_OFF                        00003FBF
_BODEN_ON                         00003FFF
_BOREN_OFF                        00003FBF
_BOREN_ON                         00003FFF
_CONFIG                           00002007
_CPD_OFF                          00003FFF
_CPD_ON                           00003EFF
_CP_ALL                           00001FFF
_CP_OFF                           00003FFF
_CP_ON                            00001FFF
_DEBUG_OFF                        00003FFF
_DEBUG_ON                         000037FF
_DEVID1                           00002006
_FOSC_EXTRC                       00003FFF
_FOSC_HS                          00003FFE
_FOSC_LP                          00003FFC
_FOSC_XT                          00003FFD
_HS_OSC                           00003FFE
_IDLOC0                           00002000
_IDLOC1                           00002001
_IDLOC2                           00002002
_IDLOC3                           00002003
_LP_OSC                           00003FFC
_LVP_OFF                          00003F7F
_LVP_ON                           00003FFF
_PWRTE_OFF                        00003FFF
_PWRTE_ON                         00003FF7
_RC_OSC                           00003FFF
_WDTE_OFF                         00003FFB
_WDTE_ON                          00003FFF
_WDT_OFF                          00003FFB
_WDT_ON                           00003FFF
_WRT_1FOURTH                      00003BFF
_WRT_256                          00003DFF
_WRT_HALF                         000039FF
_WRT_OFF                          00003FFF
_XT_OSC                           00003FFD
__16F877A                         00000001
__DEBUG                           1
main                              00000031
pclath_temp                       0000007F
state_loop                        00000054
status_temp                       0000007E
timer_loop                        00000059
w_temp                            0000007D

MPASM  5.51                      SAMPLING.ASM   11-9-2022  21:55:12         PAGE 13





Errors   :     0
Warnings :     0 reported,     0 suppressed
Messages :     9 reported,     0 suppressed

