MPLINK 4.38, Linker
Linker Map File - Created Wed Nov 09 23:15:20 2022

                                 Section Info
                  Section       Type    Address   Location Size(Bytes)
                ---------  ---------  ---------  ---------  ---------
                   .org_0       code   0x000000    program   0x000004
                   .cinit    romdata   0x000002    program   0x000004
                   .org_1       code   0x000004    program   0x0000ca
  .config_2007_SAMPLING.O       code   0x002007    program   0x000002



                              Program Memory Usage 
                               Start         End      
                           ---------   ---------      
                            0x000000    0x000068      
                            0x002007    0x002007      
            106 out of 8454 program addresses used, program memory utilization is 1%



                              Symbols - Sorted by Name
                     Name    Address   Location    Storage File                     
                ---------  ---------  ---------  --------- ---------                
          calc_analog_res   0x000012    program     static C:\Users\Gaspar\Lab-3-SD\Sampling\Sampling.ASM
               calc_val_0   0x00001c    program     static C:\Users\Gaspar\Lab-3-SD\Sampling\Sampling.ASM
               calc_val_1   0x000024    program     static C:\Users\Gaspar\Lab-3-SD\Sampling\Sampling.ASM
          check_flag_tmr0   0x00002c    program     static C:\Users\Gaspar\Lab-3-SD\Sampling\Sampling.ASM
                     main   0x00002f    program     static C:\Users\Gaspar\Lab-3-SD\Sampling\Sampling.ASM
               porta_init   0x000034    program     static C:\Users\Gaspar\Lab-3-SD\Sampling\Sampling.ASM
               portb_init   0x000041    program     static C:\Users\Gaspar\Lab-3-SD\Sampling\Sampling.ASM
               portc_init   0x000048    program     static C:\Users\Gaspar\Lab-3-SD\Sampling\Sampling.ASM
              read_select   0x00005e    program     static C:\Users\Gaspar\Lab-3-SD\Sampling\Sampling.ASM
                  set_an0   0x000063    program     static C:\Users\Gaspar\Lab-3-SD\Sampling\Sampling.ASM
                  set_an1   0x000066    program     static C:\Users\Gaspar\Lab-3-SD\Sampling\Sampling.ASM
              timer0_init   0x00004f    program     static C:\Users\Gaspar\Lab-3-SD\Sampling\Sampling.ASM



                              Symbols - Sorted by Address
                     Name    Address   Location    Storage File                     
                ---------  ---------  ---------  --------- ---------                
          calc_analog_res   0x000012    program     static C:\Users\Gaspar\Lab-3-SD\Sampling\Sampling.ASM
               calc_val_0   0x00001c    program     static C:\Users\Gaspar\Lab-3-SD\Sampling\Sampling.ASM
               calc_val_1   0x000024    program     static C:\Users\Gaspar\Lab-3-SD\Sampling\Sampling.ASM
          check_flag_tmr0   0x00002c    program     static C:\Users\Gaspar\Lab-3-SD\Sampling\Sampling.ASM
                     main   0x00002f    program     static C:\Users\Gaspar\Lab-3-SD\Sampling\Sampling.ASM
               porta_init   0x000034    program     static C:\Users\Gaspar\Lab-3-SD\Sampling\Sampling.ASM
               portb_init   0x000041    program     static C:\Users\Gaspar\Lab-3-SD\Sampling\Sampling.ASM
               portc_init   0x000048    program     static C:\Users\Gaspar\Lab-3-SD\Sampling\Sampling.ASM
              timer0_init   0x00004f    program     static C:\Users\Gaspar\Lab-3-SD\Sampling\Sampling.ASM
              read_select   0x00005e    program     static C:\Users\Gaspar\Lab-3-SD\Sampling\Sampling.ASM
                  set_an0   0x000063    program     static C:\Users\Gaspar\Lab-3-SD\Sampling\Sampling.ASM
                  set_an1   0x000066    program     static C:\Users\Gaspar\Lab-3-SD\Sampling\Sampling.ASM


