MPASM  5.40                      SAMPLING.ASM   11-13-2022  12:24:08         PAGE  1


LOC  OBJECT CODE     LINE SOURCE TEXT
  VALUE

                      00001 ;**********************************************************************
                      00002 ;   This file is a basic code template for assembly code generation   *
                      00003 ;   on the PIC16F877A. This file contains the basic code              *
                      00004 ;   building blocks to build upon.                                    *  
                      00005 ;                                                                     *
                      00006 ;   Refer to the MPASM User's Guide for additional information on     *
                      00007 ;   features of the assembler (Document DS33014).                     *
                      00008 ;                                                                     *
                      00009 ;   Refer to the respective PIC data sheet for additional             *
                      00010 ;   information on the instruction set.                               *
                      00011 ;                                                                     *
                      00012 ;**********************************************************************
                      00013 ;                                                                     *
                      00014 ;    Filename:      xxx.asm                                           *
                      00015 ;    Date:                                                            *
                      00016 ;    File Version:                                                    *
                      00017 ;                                                                     *
                      00018 ;    Author:                                                          *
                      00019 ;    Company:                                                         *
                      00020 ;                                                                     * 
                      00021 ;                                                                     *
                      00022 ;**********************************************************************
                      00023 ;                                                                     *
                      00024 ;    Files Required: P16F877A.INC                                     *
                      00025 ;                                                                     *
                      00026 ;**********************************************************************
                      00027 ;                                                                     *
                      00028 ;    Notes:                                                           *
                      00029 ;                                                                     *
                      00030 ;**********************************************************************
                      00031 
                      00032 
                      00033         list            p=16f877A       ; list directive to define processor
                      00034         #include        <p16f877A.inc>  ; processor specific variable definitions
                      00001         LIST
                      00002 
                      00003 ;==========================================================================
                      00004 ;  MPASM PIC16F877A processor include
                      00005 ; 
                      00006 ;  (c) Copyright 1999-2011 Microchip Technology, All rights reserved
                      00007 ;==========================================================================
                      00008 
                      00555         LIST
                      00035         
2007   3FB3           00036         __CONFIG _CP_OFF & _WDT_OFF & _BODEN_OFF & _PWRTE_ON & _RC_OSC & _WRT_OFF & _LVP_ON & _CPD_OFF
                      00037 
                      00038 ; '__CONFIG' directive is used to embed configuration data within .asm file.
                      00039 ; The lables following the directive are located in the respective .inc file.
                      00040 ; See respective data sheet for additional information on configuration word.
                      00041 
                      00042 
                      00043 
                      00044 
MPASM  5.40                      SAMPLING.ASM   11-13-2022  12:24:08         PAGE  2


LOC  OBJECT CODE     LINE SOURCE TEXT
  VALUE

                      00045 
                      00046 
                      00047 ;***** VARIABLE DEFINITIONS
  0000007D            00048 w_temp          EQU     0x7D            ; variable used for context saving 
  0000007E            00049 status_temp     EQU     0x7E            ; variable used for context saving
  0000007F            00050 pclath_temp     EQU     0x7F            ; variable used for context saving      
                      00051 
  00000020            00052 AN0_RES         EQU 0x20
  00000021            00053 AN1_RES         EQU     0x21
                      00054 
                      00055 
                      00056 
                      00057 
                      00058 
                      00059 
                      00060 ;**********************************************************************
                      00061         ORG     0x000             ; processor reset vector
                      00062 
0000   0000           00063         nop                       ; nop required for icd
0001   2???           00064         goto    main              ; go to beginning of program
                      00065 
                      00066 
                      00067         ORG     0x004             ; interrupt vector location
                      00068 
0004   00FD           00069         movwf   w_temp            ; save off current W register contents
0005   0803           00070         movf    STATUS,w          ; move status register into W register
0006   00FE           00071         movwf   status_temp       ; save off contents of STATUS register
0007   080A           00072         movf    PCLATH,w          ; move pclath register into w register
0008   00FF           00073         movwf   pclath_temp       ; save off contents of PCLATH register
                      00074         
0009   190B           00075         btfsc   INTCON, T0IF    ;pregunto si se levanto el flag del timer0
000A   2???           00076         call    calc_analog_res
000B   087F           00077         movf    pclath_temp,w     ; retrieve copy of PCLATH register
000C   008A           00078         movwf   PCLATH            ; restore pre-isr PCLATH register contents
000D   087E           00079         movf    status_temp,w     ; retrieve copy of STATUS register
000E   0083           00080         movwf   STATUS            ; restore pre-isr STATUS register contents
000F   0EFD           00081         swapf   w_temp,f
0010   0E7D           00082         swapf   w_temp,w          ; restore pre-isr W register contents
0011   0009           00083         retfie                    ; return from interrupt
                      00084 
0012                  00085 calc_analog_res
0012   2???           00086         call    calc_val_0              ;calculo el valor de an0
0013   081E           00087         movf    ADRESH, w               ;guardo el resultado en AN0_RES
0014   00A0           00088         movwf   AN0_RES
0015   2???           00089         call    calc_val_1              ;calcuki ek valor de an1
0016   081E           00090         movf    ADRESH, w               ;guardo el resultado en AN1_RES
0017   00A1           00091         movwf   AN1_RES
0018   3006           00092         movlw   d'6'                    ;vuelvo a cargar el timer0
0019   0081           00093         movwf   TMR0
001A   110B           00094         bcf             INTCON, T0IF    ;limpio la flag de timer0
001B   0008           00095         return
                      00096 
001C                  00097 calc_val_0
MPASM  5.40                      SAMPLING.ASM   11-13-2022  12:24:08         PAGE  3


LOC  OBJECT CODE     LINE SOURCE TEXT
  VALUE

001C   1303           00098         bcf             STATUS, RP1             ;cambio al banco 0
001D   1283           00099         bcf             STATUS, RP0
                      00100 
001E   119F           00101         bcf             ADCON0, CHS0    ;selecciono el pin 0
001F   121F           00102         bcf             ADCON0, CHS1
0020   129F           00103         bcf             ADCON0, CHS2
0021   151F           00104         bsf     ADCON0, d'2'    ;activo el Analog to Digital
0022   2???           00105         call    check_flag_done ;compruebo la flag
0023   0008           00106         return
                      00107 
0024                  00108 calc_val_1
0024   1303           00109         bcf             STATUS, RP1             ;cambio al banco 0
0025   1283           00110         bcf             STATUS, RP0
                      00111 
0026   159F           00112         bsf             ADCON0, CHS0    ;selecciono el pin 1
0027   121F           00113         bcf             ADCON0, CHS1
0028   129F           00114         bcf             ADCON0, CHS2
0029   151F           00115         bsf     ADCON0, d'2'    ;activo el Analog to Digital
002A   2???           00116         call    check_flag_done ;compruebo la flag
002B   0008           00117         return
                      00118 
002C                  00119 check_flag_done
002C   191F           00120         btfsc   ADCON0, d'2'    ;compruebo la flag done
002D   0008           00121         return                                  
002E   2???           00122         goto check_flag_done
                      00123 
002F                  00124 main
002F   2???           00125         call porta_init                 ;configuro el puerto a
0030   2???           00126         call portb_init                 ;configuro el puerto b
0031   2???           00127         call portc_init                 ;configuro el puerto c
0032   2???           00128         call timer0_init                ;configuro el timer0
0033   2???           00129         goto read_select                ;selecciono cual valor mostrar
                      00130 
0034                  00131 porta_init
                      00132         ;Config PORTA - start
0034   1303           00133         bcf             STATUS, RP1             ;cambio al banco 1
0035   1683           00134         bsf             STATUS, RP0
0036   3003           00135         movlw   b'00000011'             ;seteo el pin 0 y 1 como input
Message[302]: Register in operand not in bank 0.  Ensure that bank bits are correct.
0037   0085           00136         movwf   TRISA
Message[302]: Register in operand not in bank 0.  Ensure that bank bits are correct.
0038   119F           00137         bcf             ADCON1, PCFG3   ;seteo las entradas como analogica
Message[302]: Register in operand not in bank 0.  Ensure that bank bits are correct.
0039   111F           00138         bcf             ADCON1, PCFG2   ;
Message[302]: Register in operand not in bank 0.  Ensure that bank bits are correct.
003A   109F           00139         bcf             ADCON1, PCFG1   ;
Message[302]: Register in operand not in bank 0.  Ensure that bank bits are correct.
003B   101F           00140         bcf             ADCON1, PCFG0   ;
Message[302]: Register in operand not in bank 0.  Ensure that bank bits are correct.
003C   139F           00141         bcf             ADCON1, ADFM    ;Justifica izquierda
                      00142         
003D   1303           00143         bcf             STATUS, RP1             ;cambio al banco 0
003E   1283           00144         bcf             STATUS, RP0
MPASM  5.40                      SAMPLING.ASM   11-13-2022  12:24:08         PAGE  4


LOC  OBJECT CODE     LINE SOURCE TEXT
  VALUE

003F   141F           00145         bsf             ADCON0, ADON    ;activo la funcion AD
0040   0008           00146         return
                      00147         ;Config PORTA - end
                      00148 
0041                  00149 portb_init
                      00150         ;Config PORTB - start
0041   1303           00151         bcf             STATUS, RP1             ;cambio al banco 1
0042   1683           00152         bsf             STATUS, RP0             
0043   3000           00153         movlw   b'00000000'             ;seteo el puerto b como salida          
Message[302]: Register in operand not in bank 0.  Ensure that bank bits are correct.
0044   0086           00154         movwf   TRISB
0045   1303           00155         bcf             STATUS, RP1             ;cambio al banco 0
0046   1283           00156         bcf             STATUS, RP0
0047   0008           00157         return
                      00158         ;Config PORTB - end
                      00159 
0048                  00160 portc_init
                      00161         ;Config PORTc - start
0048   1303           00162         bcf             STATUS, RP1             ;cambio al banco 1
0049   1683           00163         bsf             STATUS, RP0
004A   3001           00164         movlw   b'00000001'             ;seteo el pin 0 como input      
Message[302]: Register in operand not in bank 0.  Ensure that bank bits are correct.
004B   0087           00165         movwf   TRISC
004C   1303           00166         bcf             STATUS, RP1             ;cambio al banco 0
004D   1283           00167         bcf             STATUS, RP0
004E   0008           00168         return
                      00169         ;Config PORTc - end
                      00170 
004F                  00171 timer0_init
004F   1303           00172         bcf     STATUS, RP1                     ;cambio al banco 1
0050   1683           00173         bsf             STATUS, RP0
Message[302]: Register in operand not in bank 0.  Ensure that bank bits are correct.
0051   1281           00174         bcf             OPTION_REG, T0CS        ;utilizo el clock del microprocesador
Message[302]: Register in operand not in bank 0.  Ensure that bank bits are correct.
0052   1181           00175         bcf             OPTION_REG, PSA         ;utilizo el Prescaler en Timer0
Message[302]: Register in operand not in bank 0.  Ensure that bank bits are correct.
0053   1401           00176         bsf             OPTION_REG,     PS0             ;cargo el prescaler en 256
Message[302]: Register in operand not in bank 0.  Ensure that bank bits are correct.
0054   1481           00177         bsf             OPTION_REG,     PS1             ;
Message[302]: Register in operand not in bank 0.  Ensure that bank bits are correct.
0055   1501           00178         bsf             OPTION_REG,     PS2             ;
0056   178B           00179         bsf             INTCON, GIE                     ;activo las interrupciones
0057   168B           00180         bsf             INTCON, T0IE            ;activo la interrupcion por overflow del timer 0
0058   1283           00181         bcf             STATUS, RP0                     ;cambio al banco 0
0059   1303           00182         bcf             STATUS, RP1
005A   3006           00183         movlw   d'6'                            ;seteo el timer en 6
005B   0081           00184         movwf   TMR0
005C   110B           00185         bcf             INTCON, T0IF            ;limpio la flag del timer overflow
005D   0008           00186         return
                      00187 
005E                  00188 read_select
005E   1303           00189         bcf             STATUS, RP1                     ;cambio al banco 0
005F   1283           00190         bcf             STATUS, RP0
MPASM  5.40                      SAMPLING.ASM   11-13-2022  12:24:08         PAGE  5


LOC  OBJECT CODE     LINE SOURCE TEXT
  VALUE

0060   1C07           00191         btfss   PORTC, d'0'                     ;el select es 0
0061   2???           00192         goto    set_an0                         ;si
0062   2???           00193         goto    set_an1                         ;no
                      00194 
0063                  00195 set_an0
0063   0820           00196         movf    AN0_RES, w                      ;muestro en el puerto b el resultado de an0
0064   0086           00197         movwf   PORTB
0065   2???           00198         goto    read_select
                      00199 
0066                  00200 set_an1                                                 ;muestro en el puerto b el resultado de an1     
0066   0821           00201         movf    AN1_RES, w
0067   0086           00202         movwf   PORTB
0068   2???           00203         goto    read_select
                      00204 
                      00205 
                      00206 
                      00207 
                      00208 
                      00209 
3FB3                  00210         END                       ; directive 'end of program'
MPASM  5.40                      SAMPLING.ASM   11-13-2022  12:24:08         PAGE  6


SYMBOL TABLE
  LABEL                             VALUE 

ACKDT                             00000005
ACKEN                             00000004
ACKSTAT                           00000006
ADCON0                            0000001F
ADCON1                            0000009F
ADCS0                             00000006
ADCS1                             00000007
ADCS2                             00000006
ADDEN                             00000003
ADFM                              00000007
ADIE                              00000006
ADIF                              00000006
ADON                              00000000
ADRESH                            0000001E
ADRESL                            0000009E
AN0_RES                           00000020
AN1_RES                           00000021
BCLIE                             00000003
BCLIF                             00000003
BF                                00000000
BRGH                              00000002
C                                 00000000
C1INV                             00000004
C1OUT                             00000006
C2INV                             00000005
C2OUT                             00000007
CCP1CON                           00000017
CCP1IE                            00000002
CCP1IF                            00000002
CCP1M0                            00000000
CCP1M1                            00000001
CCP1M2                            00000002
CCP1M3                            00000003
CCP1X                             00000005
CCP1Y                             00000004
CCP2CON                           0000001D
CCP2IE                            00000000
CCP2IF                            00000000
CCP2M0                            00000000
CCP2M1                            00000001
CCP2M2                            00000002
CCP2M3                            00000003
CCP2X                             00000005
CCP2Y                             00000004
CCPR1                             00000015
CCPR1H                            00000016
CCPR1L                            00000015
CCPR2                             0000001B
CCPR2H                            0000001C
CCPR2L                            0000001B
CHS0                              00000003
CHS1                              00000004
CHS2                              00000005
MPASM  5.40                      SAMPLING.ASM   11-13-2022  12:24:08         PAGE  7


SYMBOL TABLE
  LABEL                             VALUE 

CIS                               00000003
CKE                               00000006
CKP                               00000004
CM0                               00000000
CM1                               00000001
CM2                               00000002
CMCON                             0000009C
CMIE                              00000006
CMIF                              00000006
CREN                              00000004
CSRC                              00000007
CVR0                              00000000
CVR1                              00000001
CVR2                              00000002
CVR3                              00000003
CVRCON                            0000009D
CVREN                             00000007
CVROE                             00000006
CVRR                              00000005
D                                 00000005
DATA_ADDRESS                      00000005
DC                                00000001
D_A                               00000005
D_NOT_A                           00000005
EEADR                             0000010D
EEADRH                            0000010F
EECON1                            0000018C
EECON2                            0000018D
EEDATA                            0000010C
EEDATH                            0000010E
EEIE                              00000004
EEIF                              00000004
EEPGD                             00000007
F                                 00000001
FERR                              00000002
FSR                               00000004
GCEN                              00000007
GIE                               00000007
GO                                00000002
GO_DONE                           00000002
GO_NOT_DONE                       00000002
I2C_DATA                          00000005
I2C_READ                          00000002
I2C_START                         00000003
I2C_STOP                          00000004
IBF                               00000007
IBOV                              00000005
INDF                              00000000
INTCON                            0000000B
INTE                              00000004
INTEDG                            00000006
INTF                              00000001
IRP                               00000007
MPASM  5.40                      SAMPLING.ASM   11-13-2022  12:24:08         PAGE  8


SYMBOL TABLE
  LABEL                             VALUE 

NOT_A                             00000005
NOT_ADDRESS                       00000005
NOT_BO                            00000000
NOT_BOR                           00000000
NOT_DONE                          00000002
NOT_PD                            00000003
NOT_POR                           00000001
NOT_RBPU                          00000007
NOT_RC8                           00000006
NOT_T1SYNC                        00000002
NOT_TO                            00000004
NOT_TX8                           00000006
NOT_W                             00000002
NOT_WRITE                         00000002
OBF                               00000006
OERR                              00000001
OPTION_REG                        00000081
P                                 00000004
PCFG0                             00000000
PCFG1                             00000001
PCFG2                             00000002
PCFG3                             00000003
PCL                               00000002
PCLATH                            0000000A
PCON                              0000008E
PEIE                              00000006
PEN                               00000002
PIE1                              0000008C
PIE2                              0000008D
PIR1                              0000000C
PIR2                              0000000D
PORTA                             00000005
PORTB                             00000006
PORTC                             00000007
PORTD                             00000008
PORTE                             00000009
PR2                               00000092
PS0                               00000000
PS1                               00000001
PS2                               00000002
PSA                               00000003
PSPIE                             00000007
PSPIF                             00000007
PSPMODE                           00000004
R                                 00000002
RA0                               00000000
RA1                               00000001
RA2                               00000002
RA3                               00000003
RA4                               00000004
RA5                               00000005
RB0                               00000000
RB1                               00000001
MPASM  5.40                      SAMPLING.ASM   11-13-2022  12:24:08         PAGE  9


SYMBOL TABLE
  LABEL                             VALUE 

RB2                               00000002
RB3                               00000003
RB4                               00000004
RB5                               00000005
RB6                               00000006
RB7                               00000007
RBIE                              00000003
RBIF                              00000000
RC0                               00000000
RC1                               00000001
RC2                               00000002
RC3                               00000003
RC4                               00000004
RC5                               00000005
RC6                               00000006
RC7                               00000007
RC8_9                             00000006
RC9                               00000006
RCD8                              00000000
RCEN                              00000003
RCIE                              00000005
RCIF                              00000005
RCREG                             0000001A
RCSTA                             00000018
RD                                00000000
RD0                               00000000
RD1                               00000001
RD2                               00000002
RD3                               00000003
RD4                               00000004
RD5                               00000005
RD6                               00000006
RD7                               00000007
RE0                               00000000
RE1                               00000001
RE2                               00000002
READ_WRITE                        00000002
RP0                               00000005
RP1                               00000006
RSEN                              00000001
RX9                               00000006
RX9D                              00000000
R_NOT_W                           00000002
R_W                               00000002
S                                 00000003
SEN                               00000000
SMP                               00000007
SPBRG                             00000099
SPEN                              00000007
SREN                              00000005
SSPADD                            00000093
SSPBUF                            00000013
SSPCON                            00000014
MPASM  5.40                      SAMPLING.ASM   11-13-2022  12:24:08         PAGE 10


SYMBOL TABLE
  LABEL                             VALUE 

SSPCON2                           00000091
SSPEN                             00000005
SSPIE                             00000003
SSPIF                             00000003
SSPM0                             00000000
SSPM1                             00000001
SSPM2                             00000002
SSPM3                             00000003
SSPOV                             00000006
SSPSTAT                           00000094
STATUS                            00000003
SYNC                              00000004
T0CS                              00000005
T0IE                              00000005
T0IF                              00000002
T0SE                              00000004
T1CKPS0                           00000004
T1CKPS1                           00000005
T1CON                             00000010
T1INSYNC                          00000002
T1OSCEN                           00000003
T1SYNC                            00000002
T2CKPS0                           00000000
T2CKPS1                           00000001
T2CON                             00000012
TMR0                              00000001
TMR0IE                            00000005
TMR0IF                            00000002
TMR1CS                            00000001
TMR1H                             0000000F
TMR1IE                            00000000
TMR1IF                            00000000
TMR1L                             0000000E
TMR1ON                            00000000
TMR2                              00000011
TMR2IE                            00000001
TMR2IF                            00000001
TMR2ON                            00000002
TOUTPS0                           00000003
TOUTPS1                           00000004
TOUTPS2                           00000005
TOUTPS3                           00000006
TRISA                             00000085
TRISA0                            00000000
TRISA1                            00000001
TRISA2                            00000002
TRISA3                            00000003
TRISA4                            00000004
TRISA5                            00000005
TRISB                             00000086
TRISB0                            00000000
TRISB1                            00000001
TRISB2                            00000002
MPASM  5.40                      SAMPLING.ASM   11-13-2022  12:24:08         PAGE 11


SYMBOL TABLE
  LABEL                             VALUE 

TRISB3                            00000003
TRISB4                            00000004
TRISB5                            00000005
TRISB6                            00000006
TRISB7                            00000007
TRISC                             00000087
TRISC0                            00000000
TRISC1                            00000001
TRISC2                            00000002
TRISC3                            00000003
TRISC4                            00000004
TRISC5                            00000005
TRISC6                            00000006
TRISC7                            00000007
TRISD                             00000088
TRISD0                            00000000
TRISD1                            00000001
TRISD2                            00000002
TRISD3                            00000003
TRISD4                            00000004
TRISD5                            00000005
TRISD6                            00000006
TRISD7                            00000007
TRISE                             00000089
TRISE0                            00000000
TRISE1                            00000001
TRISE2                            00000002
TRMT                              00000001
TX8_9                             00000006
TX9                               00000006
TX9D                              00000000
TXD8                              00000000
TXEN                              00000005
TXIE                              00000004
TXIF                              00000004
TXREG                             00000019
TXSTA                             00000098
UA                                00000001
W                                 00000000
WCOL                              00000007
WR                                00000001
WREN                              00000002
WRERR                             00000003
Z                                 00000002
_BODEN_OFF                        00003FBF
_BODEN_ON                         00003FFF
_CONFIG                           00002007
_CPD_OFF                          00003FFF
_CPD_ON                           00003EFF
_CP_ALL                           00001FFF
_CP_OFF                           00003FFF
_DEBUG_OFF                        00003FFF
_DEBUG_ON                         000037FF
MPASM  5.40                      SAMPLING.ASM   11-13-2022  12:24:08         PAGE 12


SYMBOL TABLE
  LABEL                             VALUE 

_DEVID1                           00002006
_HS_OSC                           00003FFE
_IDLOC0                           00002000
_IDLOC1                           00002001
_IDLOC2                           00002002
_IDLOC3                           00002003
_LP_OSC                           00003FFC
_LVP_OFF                          00003F7F
_LVP_ON                           00003FFF
_PWRTE_OFF                        00003FFF
_PWRTE_ON                         00003FF7
_RC_OSC                           00003FFF
_WDT_OFF                          00003FFB
_WDT_ON                           00003FFF
_WRT_1FOURTH                      00003BFF
_WRT_256                          00003DFF
_WRT_HALF                         000039FF
_WRT_OFF                          00003FFF
_XT_OSC                           00003FFD
__16F877A                         00000001
__DEBUG                           1
calc_analog_res                   00000012
calc_val_0                        0000001C
calc_val_1                        00000024
check_flag_done                   0000002C
main                              0000002F
pclath_temp                       0000007F
porta_init                        00000034
portb_init                        00000041
portc_init                        00000048
read_select                       0000005E
set_an0                           00000063
set_an1                           00000066
status_temp                       0000007E
timer0_init                       0000004F
w_temp                            0000007D

Errors   :     0
Warnings :     0 reported,     0 suppressed
Messages :    13 reported,     0 suppressed

