MPLINK 4.38, Linker
Linker Map File - Created Sun Nov 13 11:48:21 2022

                                 Section Info
                  Section       Type    Address   Location Size(Bytes)
                ---------  ---------  ---------  ---------  ---------
                   .org_0       code   0x000000    program   0x000004
                   .cinit    romdata   0x000002    program   0x000004
                   .org_1       code   0x000004    program   0x000066
.config_2007_LED_TRIGGER.O       code   0x002007    program   0x000002



                              Program Memory Usage 
                               Start         End      
                           ---------   ---------      
                            0x000000    0x000036      
                            0x002007    0x002007      
            56 out of 8454 program addresses used, program memory utilization is 0%



                              Symbols - Sorted by Name
                     Name    Address   Location    Storage File                     
                ---------  ---------  ---------  --------- ---------                
                   led_on   0x00002a    program     static C:\Users\Gaspar\Lab-3-SD\LED_Trigger\Led_Trigger.ASM
              loopa_timer   0x00002e    program     static C:\Users\Gaspar\Lab-3-SD\LED_Trigger\Led_Trigger.ASM
              loopb_timer   0x000032    program     static C:\Users\Gaspar\Lab-3-SD\LED_Trigger\Led_Trigger.ASM
                     main   0x000010    program     static C:\Users\Gaspar\Lab-3-SD\LED_Trigger\Led_Trigger.ASM
               porta_init   0x000013    program     static C:\Users\Gaspar\Lab-3-SD\LED_Trigger\Led_Trigger.ASM
               read_porta   0x000024    program     static C:\Users\Gaspar\Lab-3-SD\LED_Trigger\Led_Trigger.ASM
              timer0_init   0x00001c    program     static C:\Users\Gaspar\Lab-3-SD\LED_Trigger\Led_Trigger.ASM



                              Symbols - Sorted by Address
                     Name    Address   Location    Storage File                     
                ---------  ---------  ---------  --------- ---------                
                     main   0x000010    program     static C:\Users\Gaspar\Lab-3-SD\LED_Trigger\Led_Trigger.ASM
               porta_init   0x000013    program     static C:\Users\Gaspar\Lab-3-SD\LED_Trigger\Led_Trigger.ASM
              timer0_init   0x00001c    program     static C:\Users\Gaspar\Lab-3-SD\LED_Trigger\Led_Trigger.ASM
               read_porta   0x000024    program     static C:\Users\Gaspar\Lab-3-SD\LED_Trigger\Led_Trigger.ASM
                   led_on   0x00002a    program     static C:\Users\Gaspar\Lab-3-SD\LED_Trigger\Led_Trigger.ASM
              loopa_timer   0x00002e    program     static C:\Users\Gaspar\Lab-3-SD\LED_Trigger\Led_Trigger.ASM
              loopb_timer   0x000032    program     static C:\Users\Gaspar\Lab-3-SD\LED_Trigger\Led_Trigger.ASM


